// Jest Snapshot v1, https://goo.gl/fbAQLP

exports[`Heading h1 1`] = `
<h1
  className="Heading fontSize1 undefined"
>
  h
</h1>
`;

exports[`Heading h2 1`] = `
<h2
  className="Heading fontSize2 undefined"
>
  h
</h2>
`;

exports[`Heading with color and level 3 1`] = `
<h3
  className="Heading fontSize3 yellow"
>
  h
</h3>
`;
